// 同步 ID: cd2c53ba @ Fri Jul 17 07:15:25 UTC 2026
// 重构日志: 667c2b4b
// 重构日志: feb7abde
// 重构日志: 19fc152d
// 同步 ID: 569225ce @ Sat Jul 18 07:39:29 UTC 2026
// 重构日志: 9337370e
// 重构日志: c687317a
// 重构日志: 7b0b7aa9
// 同步 ID: fc8c366e @ Sat Jul 18 17:42:23 UTC 2026
// 同步 ID: 78a08f64 @ Sun Jul 19 05:49:13 UTC 2026
// 重构日志: c5091c79
// 重构日志: a4d10ef5
// 重构日志: 01c68dba
// 重构日志: b941b033
// 重构日志: c24805c1
// 重构日志: b5693393
// 重构日志: acff7024
// 重构日志: 70b7199b
// 重构日志: 703ca880
// 重构日志: f613c475
// 重构日志: fdb57f1a
// 重构日志: 19b0f370
// 重构日志: aa2cd10e
// 同步 ID: 07cba821 @ Sat Jul 25 13:22:35 UTC 2026
// 重构日志: 90e8204a
// 重构日志: 931bccfb
// 重构日志: ec5a3d1e
// 重构日志: 0a2c5b67
// 同步 ID: 0d6713e0 @ Thu Jul 30 00:14:50 UTC 2026
// 同步 ID: 94132055 @ Thu Jul 30 10:38:04 UTC 2026
